✖ [164/724] Building Batteries.Tactic.Lint.Misc (105ms)
trace: .> LEAN_PATH=/home/prathamesh/Documents/lean4proj/PCP/.lake/packages/Cli/.lake/build/lib/lean:/home/prathamesh/Documents/lean4proj/PCP/.lake/packages/Qq/.lake/build/lib/lean:/home/prathamesh/Documents/lean4proj/PCP/.lake/packages/proofwidgets/.lake/build/lib/lean:/home/prathamesh/Documents/lean4proj/PCP/.lake/packages/importGraph/.lake/build/lib/lean:/home/prathamesh/Documents/lean4proj/PCP/.lake/packages/LeanSearchClient/.lake/build/lib/lean:/home/prathamesh/Documents/lean4proj/PCP/.lake/packages/plausible/.lake/build/lib/lean:/home/prathamesh/Documents/lean4proj/PCP/.lake/packages/mathlib/.lake/build/lib/lean:/home/prathamesh/Documents/lean4proj/PCP/.lake/packages/batteries/.lake/build/lib/lean:/home/prathamesh/Documents/lean4proj/PCP/.lake/packages/aesop/.lake/build/lib/lean:/home/prathamesh/Documents/lean4proj/PCP/.lake/packages/cslib/.lake/build/lib/lean:/home/prathamesh/Documents/lean4proj/PCP/.lake/packages/LeanCopilot/.lake/build/lib/lean:/home/prathamesh/Documents/lean4proj/PCP/.lake/build/lib/lean /home/prathamesh/.elan/toolchains/leanprover--lean4---v4.29.0-rc4/bin/lean /home/prathamesh/Documents/lean4proj/PCP/.lake/packages/batteries/Batteries/Tactic/Lint/Misc.lean -o /home/prathamesh/Documents/lean4proj/PCP/.lake/packages/batteries/.lake/build/lib/lean/Batteries/Tactic/Lint/Misc.olean -i /home/prathamesh/Documents/lean4proj/PCP/.lake/packages/batteries/.lake/build/lib/lean/Batteries/Tactic/Lint/Misc.ilean -c /home/prathamesh/Documents/lean4proj/PCP/.lake/packages/batteries/.lake/build/ir/Batteries/Tactic/Lint/Misc.c --setup /home/prathamesh/Documents/lean4proj/PCP/.lake/packages/batteries/.lake/build/ir/Batteries/Tactic/Lint/Misc.setup.json --json
error: Batteries/Tactic/Lint/Misc.lean:6:0: object file '/home/prathamesh/.elan/toolchains/leanprover--lean4---v4.29.0-rc4/lib/lean/Lean/Meta/GlobalInstances.olean' of module Lean.Meta.GlobalInstances does not exist
error: Lean exited with code 1
ℹ [928/2181] Replayed LeanCopilot/libopenblas
info: Cloning OpenBLAS from https://github.com/OpenMathLib/OpenBLAS
info: Building OpenBLAS with `make NO_LAPACK=1 NO_FORTRAN=1 -j16`
ℹ [929/2181] Replayed LeanCopilot/libctranslate2
info: Cloning CTranslate2 from https://github.com/OpenNMT/CTranslate2
info: Configuring CTranslate2 with `cmake -DOPENMP_RUNTIME=NONE -DWITH_MKL=OFF -DWITH_ACCELERATE=OFF -DWITH_OPENBLAS=ON -DOPENBLAS_INCLUDE_DIR=../../OpenBLAS -DOPENBLAS_LIBRARY=../../OpenBLAS/libopenblas.so ..`
info: Building CTranslate2 with `make -j16`
info: stdout:
[  1%] Building C object third_party/cpu_features/CMakeFiles/utils.dir/src/stack_line_reader.c.o
[  3%] Building C object third_party/cpu_features/CMakeFiles/utils.dir/src/string_view.c.o
[  3%] Building C object third_party/cpu_features/CMakeFiles/utils.dir/src/filesystem.c.o
[  3%] Built target utils
[  4%] Building C object third_party/cpu_features/CMakeFiles/cpu_features.dir/src/impl_mips_linux_or_android.c.o
[  5%] Building C object third_party/cpu_features/CMakeFiles/cpu_features.dir/src/impl_x86_linux_or_android.c.o
[  6%] Building C object third_party/cpu_features/CMakeFiles/cpu_features.dir/src/impl_x86_windows.c.o
[  6%] Building C object third_party/cpu_features/CMakeFiles/cpu_features.dir/src/impl_aarch64_linux_or_android.c.o
[  7%] Building C object third_party/cpu_features/CMakeFiles/cpu_features.dir/src/impl_arm_linux_or_android.c.o
[  7%] Building C object third_party/cpu_features/CMakeFiles/cpu_features.dir/src/impl_ppc_linux.c.o
[  8%] Building C object third_party/cpu_features/CMakeFiles/cpu_features.dir/src/impl_x86_freebsd.c.o
[  8%] Building C object third_party/cpu_features/CMakeFiles/cpu_features.dir/src/impl_x86_macos.c.o
[  9%] Linking C static library libcpu_features.a
[  9%] Built target cpu_features
[ 13%] Building CXX object CMakeFiles/ctranslate2.dir/src/allocator.cc.o
[ 13%] Building CXX object CMakeFiles/ctranslate2.dir/src/cpu/cpu_isa.cc.o
[ 13%] Building CXX object CMakeFiles/ctranslate2.dir/src/cpu/allocator.cc.o
[ 13%] Building CXX object CMakeFiles/ctranslate2.dir/src/cpu/cpu_info.cc.o
[ 13%] Building CXX object CMakeFiles/ctranslate2.dir/src/buffered_translation_wrapper.cc.o
[ 13%] Building CXX object CMakeFiles/ctranslate2.dir/src/cpu/backend.cc.o
[ 16%] Building CXX object CMakeFiles/ctranslate2.dir/src/cpu/parallel.cc.o
[ 16%] Building CXX object CMakeFiles/ctranslate2.dir/src/decoding_utils.cc.o
[ 16%] Building CXX object CMakeFiles/ctranslate2.dir/src/cpu/kernels.cc.o
[ 16%] Building CXX object CMakeFiles/ctranslate2.dir/src/encoder.cc.o
[ 17%] Building CXX object CMakeFiles/ctranslate2.dir/src/devices.cc.o
[ 18%] Building CXX object CMakeFiles/ctranslate2.dir/src/cpu/primitives.cc.o
[ 18%] Building CXX object CMakeFiles/ctranslate2.dir/src/decoding.cc.o
[ 19%] Building CXX object CMakeFiles/ctranslate2.dir/src/batch_reader.cc.o
[ 20%] Building CXX object CMakeFiles/ctranslate2.dir/src/dtw.cc.o
[ 21%] Building CXX object CMakeFiles/ctranslate2.dir/src/env.cc.o
[ 22%] Building CXX object CMakeFiles/ctranslate2.dir/src/filesystem.cc.o
[ 22%] Building CXX object CMakeFiles/ctranslate2.dir/src/generator.cc.o
[ 24%] Building CXX object CMakeFiles/ctranslate2.dir/src/layers/attention.cc.o
[ 24%] Building CXX object CMakeFiles/ctranslate2.dir/src/layers/attention_layer.cc.o
[ 24%] Building CXX object CMakeFiles/ctranslate2.dir/src/layers/flash_attention.cc.o
[ 25%] Building CXX object CMakeFiles/ctranslate2.dir/src/layers/common.cc.o
[ 26%] Building CXX object CMakeFiles/ctranslate2.dir/src/layers/decoder.cc.o
[ 27%] Building CXX object CMakeFiles/ctranslate2.dir/src/layers/transformer.cc.o
[ 27%] Building CXX object CMakeFiles/ctranslate2.dir/src/layers/wav2vec2.cc.o
[ 29%] Building CXX object CMakeFiles/ctranslate2.dir/src/layers/wav2vec2bert.cc.o
[ 30%] Building CXX object CMakeFiles/ctranslate2.dir/src/layers/whisper.cc.o
[ 30%] Building CXX object CMakeFiles/ctranslate2.dir/src/logging.cc.o
[ 31%] Building CXX object CMakeFiles/ctranslate2.dir/src/models/language_model.cc.o
[ 32%] Building CXX object CMakeFiles/ctranslate2.dir/src/models/model.cc.o
[ 32%] Building CXX object CMakeFiles/ctranslate2.dir/src/models/model_factory.cc.o
[ 33%] Building CXX object CMakeFiles/ctranslate2.dir/src/models/model_reader.cc.o
[ 34%] Building CXX object CMakeFiles/ctranslate2.dir/src/models/sequence_to_sequence.cc.o
[ 35%] Building CXX object CMakeFiles/ctranslate2.dir/src/models/transformer.cc.o
[ 35%] Building CXX object CMakeFiles/ctranslate2.dir/src/models/wav2vec2.cc.o
[ 36%] Building CXX object CMakeFiles/ctranslate2.dir/src/models/wav2vec2bert.cc.o
[ 37%] Building CXX object CMakeFiles/ctranslate2.dir/src/models/whisper.cc.o
[ 37%] Building CXX object CMakeFiles/ctranslate2.dir/src/ops/activation.cc.o
[ 38%] Building CXX object CMakeFiles/ctranslate2.dir/src/ops/add.cc.o
[ 39%] Building CXX object CMakeFiles/ctranslate2.dir/src/ops/alibi_add.cc.o
[ 39%] Building CXX object CMakeFiles/ctranslate2.dir/src/ops/alibi_add_cpu.cc.o
[ 40%] Building CXX object CMakeFiles/ctranslate2.dir/src/ops/bias_add.cc.o
[ 41%] Building CXX object CMakeFiles/ctranslate2.dir/src/ops/bias_add_cpu.cc.o
[ 43%] Building CXX object CMakeFiles/ctranslate2.dir/src/ops/concat.cc.o
[ 43%] Building CXX object CMakeFiles/ctranslate2.dir/src/ops/concat_split_slide_cpu.cc.o
[ 44%] Building CXX object CMakeFiles/ctranslate2.dir/src/ops/conv1d.cc.o
[ 45%] Building CXX object CMakeFiles/ctranslate2.dir/src/ops/conv1d_cpu.cc.o
[ 45%] Building CXX object CMakeFiles/ctranslate2.dir/src/ops/cos.cc.o
[ 46%] Building CXX object CMakeFiles/ctranslate2.dir/src/ops/dequantize.cc.o
[ 47%] Building CXX object CMakeFiles/ctranslate2.dir/src/ops/dequantize_cpu.cc.o
[ 47%] Building CXX object CMakeFiles/ctranslate2.dir/src/ops/flash_attention.cc.o
[ 48%] Building CXX object CMakeFiles/ctranslate2.dir/src/ops/flash_attention_cpu.cc.o
[ 49%] Building CXX object CMakeFiles/ctranslate2.dir/src/ops/gather.cc.o
[ 50%] Building CXX object CMakeFiles/ctranslate2.dir/src/ops/gather_cpu.cc.o
[ 50%] Building CXX object CMakeFiles/ctranslate2.dir/src/ops/gelu.cc.o
[ 51%] Building CXX object CMakeFiles/ctranslate2.dir/src/ops/gemm.cc.o
[ 52%] Building CXX object CMakeFiles/ctranslate2.dir/src/ops/gumbel_max.cc.o
[ 52%] Building CXX object CMakeFiles/ctranslate2.dir/src/ops/gumbel_max_cpu.cc.o
[ 53%] Building CXX object CMakeFiles/ctranslate2.dir/src/ops/layer_norm.cc.o
[ 54%] Building CXX object CMakeFiles/ctranslate2.dir/src/ops/layer_norm_cpu.cc.o
[ 54%] Building CXX object CMakeFiles/ctranslate2.dir/src/ops/log.cc.o
[ 55%] Building CXX object CMakeFiles/ctranslate2.dir/src/ops/matmul.cc.o
[ 56%] Building CXX object CMakeFiles/ctranslate2.dir/src/ops/mean.cc.o
[ 58%] Building CXX object CMakeFiles/ctranslate2.dir/src/ops/mean_cpu.cc.o
[ 58%] Building CXX object CMakeFiles/ctranslate2.dir/src/ops/median_filter.cc.o
[ 59%] Building CXX object CMakeFiles/ctranslate2.dir/src/ops/median_filter_cpu.cc.o
[ 60%] Building CXX object CMakeFiles/ctranslate2.dir/src/ops/min_max.cc.o
[ 60%] Building CXX object CMakeFiles/ctranslate2.dir/src/ops/mul.cc.o
[ 61%] Building CXX object CMakeFiles/ctranslate2.dir/src/ops/multinomial.cc.o
[ 62%] Building CXX object CMakeFiles/ctranslate2.dir/src/ops/multinomial_cpu.cc.o
[ 62%] Building CXX object CMakeFiles/ctranslate2.dir/src/ops/quantize.cc.o
[ 63%] Building CXX object CMakeFiles/ctranslate2.dir/src/ops/quantize_cpu.cc.o
[ 64%] Building CXX object CMakeFiles/ctranslate2.dir/src/ops/relu.cc.o
[ 65%] Building CXX object CMakeFiles/ctranslate2.dir/src/ops/rms_norm.cc.o
[ 65%] Building CXX object CMakeFiles/ctranslate2.dir/src/ops/rms_norm_cpu.cc.o
[ 66%] Building CXX object CMakeFiles/ctranslate2.dir/src/ops/rotary.cc.o
[ 67%] Building CXX object CMakeFiles/ctranslate2.dir/src/ops/rotary_cpu.cc.o
[ 67%] Building CXX object CMakeFiles/ctranslate2.dir/src/ops/sin.cc.o
[ 68%] Building CXX object CMakeFiles/ctranslate2.dir/src/ops/softmax.cc.o
[ 69%] Building CXX object CMakeFiles/ctranslate2.dir/src/ops/softmax_cpu.cc.o
[ 69%] Building CXX object CMakeFiles/ctranslate2.dir/src/ops/split.cc.o
[ 70%] Building CXX object CMakeFiles/ctranslate2.dir/src/ops/slide.cc.o
[ 72%] Building CXX object CMakeFiles/ctranslate2.dir/src/ops/sub.cc.o
[ 73%] Building CXX object CMakeFiles/ctranslate2.dir/src/ops/sigmoid.cc.o
[ 73%] Building CXX object CMakeFiles/ctranslate2.dir/src/ops/swish.cc.o
[ 74%] Building CXX object CMakeFiles/ctranslate2.dir/src/ops/tanh.cc.o
[ 75%] Building CXX object CMakeFiles/ctranslate2.dir/src/ops/tile.cc.o
[ 75%] Building CXX object CMakeFiles/ctranslate2.dir/src/ops/tile_cpu.cc.o
[ 76%] Building CXX object CMakeFiles/ctranslate2.dir/src/ops/topk.cc.o
[ 77%] Building CXX object CMakeFiles/ctranslate2.dir/src/ops/topk_cpu.cc.o
[ 77%] Building CXX object CMakeFiles/ctranslate2.dir/src/ops/topp_mask.cc.o
[ 78%] Building CXX object CMakeFiles/ctranslate2.dir/src/ops/topp_mask_cpu.cc.o
[ 79%] Building CXX object CMakeFiles/ctranslate2.dir/src/ops/transpose.cc.o
[ 80%] Building CXX object CMakeFiles/ctranslate2.dir/src/ops/nccl_ops.cc.o
[ 80%] Building CXX object CMakeFiles/ctranslate2.dir/src/ops/nccl_ops_cpu.cc.o
[ 81%] Building CXX object CMakeFiles/ctranslate2.dir/src/ops/awq/dequantize.cc.o
[ 82%] Building CXX object CMakeFiles/ctranslate2.dir/src/ops/awq/dequantize_cpu.cc.o
[ 82%] Building CXX object CMakeFiles/ctranslate2.dir/src/ops/awq/gemm.cc.o
[ 83%] Building CXX object CMakeFiles/ctranslate2.dir/src/ops/awq/gemm_cpu.cc.o
[ 84%] Building CXX object CMakeFiles/ctranslate2.dir/src/ops/awq/gemv.cc.o
[ 84%] Building CXX object CMakeFiles/ctranslate2.dir/src/ops/awq/gemv_cpu.cc.o
[ 86%] Building CXX object CMakeFiles/ctranslate2.dir/src/ops/sum.cc.o
[ 87%] Building CXX object CMakeFiles/ctranslate2.dir/src/padder.cc.o
[ 88%] Building CXX object CMakeFiles/ctranslate2.dir/src/profiler.cc.o
[ 88%] Building CXX object CMakeFiles/ctranslate2.dir/src/random.cc.o
[ 89%] Building CXX object CMakeFiles/ctranslate2.dir/src/sampling.cc.o
[ 90%] Building CXX object CMakeFiles/ctranslate2.dir/src/scoring.cc.o
[ 90%] Building CXX object CMakeFiles/ctranslate2.dir/src/storage_view.cc.o
[ 91%] Building CXX object CMakeFiles/ctranslate2.dir/src/thread_pool.cc.o
[ 92%] Building CXX object CMakeFiles/ctranslate2.dir/src/translator.cc.o
[ 92%] Building CXX object CMakeFiles/ctranslate2.dir/src/types.cc.o
[ 93%] Building CXX object CMakeFiles/ctranslate2.dir/src/utils.cc.o
[ 94%] Building CXX object CMakeFiles/ctranslate2.dir/src/vocabulary.cc.o
[ 95%] Building CXX object CMakeFiles/ctranslate2.dir/src/vocabulary_map.cc.o
[ 95%] Building CXX object CMakeFiles/ctranslate2.dir/kernels_avx.cc.o
[ 96%] Building CXX object CMakeFiles/ctranslate2.dir/kernels_avx2.cc.o
[ 97%] Building CXX object CMakeFiles/ctranslate2.dir/kernels_avx512.cc.o
[ 97%] Linking CXX shared library libctranslate2.so
[ 97%] Built target ctranslate2
[ 98%] Building CXX object cli/CMakeFiles/translator.dir/translator.cc.o
[100%] Linking CXX executable ct2-translator
[100%] Built target translator
info: stderr:
/home/prathamesh/Documents/lean4proj/PCP/.lake/packages/LeanCopilot/.lake/build/CTranslate2/src/cpu/backend.cc: In function ‘ctranslate2::cpu::GemmBackend ctranslate2::cpu::get_gemm_backend(ctranslate2::ComputeType)’:
/home/prathamesh/Documents/lean4proj/PCP/.lake/packages/LeanCopilot/.lake/build/CTranslate2/src/cpu/backend.cc:51:18: warning: unused variable ‘is_int8’ [-Wunused-variable]
   51 |       const bool is_int8 = (compute_type == ComputeType::INT8
      |                  ^~~~~~~
/home/prathamesh/Documents/lean4proj/PCP/.lake/packages/LeanCopilot/.lake/build/CTranslate2/src/cpu/primitives.cc: In static member function ‘static void ctranslate2::primitives<D>::gemm(bool, bool, bool, bool, ctranslate2::dim_t, ctranslate2::dim_t, ctranslate2::dim_t, float, const In*, ctranslate2::dim_t, const In*, ctranslate2::dim_t, float, Out*, ctranslate2::dim_t, const Out*) [with In = signed char; Out = int; ctranslate2::Device D = ctranslate2::Device::CPU; ctranslate2::dim_t = long int]’:
/home/prathamesh/Documents/lean4proj/PCP/.lake/packages/LeanCopilot/.lake/build/CTranslate2/src/cpu/primitives.cc:904:43: warning: unused parameter ‘transpose_a’ [-Wunused-parameter]
  904 |                                      bool transpose_a, bool transpose_b,
      |                                      ~~~~~^~~~~~~~~~~
/home/prathamesh/Documents/lean4proj/PCP/.lake/packages/LeanCopilot/.lake/build/CTranslate2/src/cpu/primitives.cc:904:61: warning: unused parameter ‘transpose_b’ [-Wunused-parameter]
  904 |                                      bool transpose_a, bool transpose_b,
      |                                                        ~~~~~^~~~~~~~~~~
/home/prathamesh/Documents/lean4proj/PCP/.lake/packages/LeanCopilot/.lake/build/CTranslate2/src/cpu/primitives.cc:905:44: warning: unused parameter ‘m’ [-Wunused-parameter]
  905 |                                      dim_t m, dim_t n, dim_t k,
      |                                      ~~~~~~^
/home/prathamesh/Documents/lean4proj/PCP/.lake/packages/LeanCopilot/.lake/build/CTranslate2/src/cpu/primitives.cc:905:53: warning: unused parameter ‘n’ [-Wunused-parameter]
  905 |                                      dim_t m, dim_t n, dim_t k,
      |                                               ~~~~~~^
/home/prathamesh/Documents/lean4proj/PCP/.lake/packages/LeanCopilot/.lake/build/CTranslate2/src/cpu/primitives.cc:905:62: warning: unused parameter ‘k’ [-Wunused-parameter]
  905 |                                      dim_t m, dim_t n, dim_t k,
      |                                                        ~~~~~~^
/home/prathamesh/Documents/lean4proj/PCP/.lake/packages/LeanCopilot/.lake/build/CTranslate2/src/cpu/primitives.cc:906:44: warning: unused parameter ‘alpha’ [-Wunused-parameter]
  906 |                                      float alpha,
      |                                      ~~~~~~^~~~~
/home/prathamesh/Documents/lean4proj/PCP/.lake/packages/LeanCopilot/.lake/build/CTranslate2/src/cpu/primitives.cc:907:52: warning: unused parameter ‘a’ [-Wunused-parameter]
  907 |                                      const int8_t* a, dim_t lda,
      |                                      ~~~~~~~~~~~~~~^
/home/prathamesh/Documents/lean4proj/PCP/.lake/packages/LeanCopilot/.lake/build/CTranslate2/src/cpu/primitives.cc:907:61: warning: unused parameter ‘lda’ [-Wunused-parameter]
  907 |                                      const int8_t* a, dim_t lda,
      |                                                       ~~~~~~^~~
/home/prathamesh/Documents/lean4proj/PCP/.lake/packages/LeanCopilot/.lake/build/CTranslate2/src/cpu/primitives.cc:908:52: warning: unused parameter ‘b’ [-Wunused-parameter]
  908 |                                      const int8_t* b, dim_t ldb,
      |                                      ~~~~~~~~~~~~~~^
/home/prathamesh/Documents/lean4proj/PCP/.lake/packages/LeanCopilot/.lake/build/CTranslate2/src/cpu/primitives.cc:908:61: warning: unused parameter ‘ldb’ [-Wunused-parameter]
  908 |                                      const int8_t* b, dim_t ldb,
      |                                                       ~~~~~~^~~
/home/prathamesh/Documents/lean4proj/PCP/.lake/packages/LeanCopilot/.lake/build/CTranslate2/src/cpu/primitives.cc:909:44: warning: unused parameter ‘beta’ [-Wunused-parameter]
  909 |                                      float beta,
      |                                      ~~~~~~^~~~
/home/prathamesh/Documents/lean4proj/PCP/.lake/packages/LeanCopilot/.lake/build/CTranslate2/src/cpu/primitives.cc:910:47: warning: unused parameter ‘c’ [-Wunused-parameter]
  910 |                                      int32_t* c, dim_t ldc,
      |                                      ~~~~~~~~~^
/home/prathamesh/Documents/lean4proj/PCP/.lake/packages/LeanCopilot/.lake/build/CTranslate2/src/cpu/primitives.cc:910:56: warning: unused parameter ‘ldc’ [-Wunused-parameter]
  910 |                                      int32_t* c, dim_t ldc,
      |                                                  ~~~~~~^~~
/home/prathamesh/Documents/lean4proj/PCP/.lake/packages/LeanCopilot/.lake/build/CTranslate2/src/cpu/primitives.cc:911:53: warning: unused parameter ‘a_shift_compensation’ [-Wunused-parameter]
  911 |                                      const int32_t* a_shift_compensation) {
      |                                      ~~~~~~~~~~~~~~~^~~~~~~~~~~~~~~~~~~~
In file included from /home/prathamesh/Documents/lean4proj/PCP/.lake/packages/LeanCopilot/.lake/build/CTranslate2/src/cpu/kernels.cc:19:
/home/prathamesh/Documents/lean4proj/PCP/.lake/packages/LeanCopilot/.lake/build/CTranslate2/src/cpu/vec.h: In instantiation of ‘static void ctranslate2::cpu::Vec<T, ISA>::convert_and_store(float, U*, ctranslate2::dim_t) [with U = unsigned char; T = float; ctranslate2::cpu::CpuIsa ISA = ctranslate2::cpu::CpuIsa::GENERIC; ctranslate2::dim_t = long int]’:
/home/prathamesh/Documents/lean4proj/PCP/.lake/packages/LeanCopilot/.lake/build/CTranslate2/src/cpu/kernels.cc:598:37:   required from ‘float ctranslate2::cpu::quantize_s8_row(const float*, int8_t*, ctranslate2::dim_t, bool, const RoundFunc&) [with RoundFunc = float(float); int8_t = signed char; ctranslate2::dim_t = long int]’
/home/prathamesh/Documents/lean4proj/PCP/.lake/packages/LeanCopilot/.lake/build/CTranslate2/src/cpu/kernels.cc:634:38:   required from ‘void ctranslate2::cpu::quantize_s8_batch(const float*, int8_t*, float*, ctranslate2::dim_t, ctranslate2::dim_t, bool, const RoundFunc&) [with RoundFunc = float(float); int8_t = signed char; ctranslate2::dim_t = long int]’
/home/prathamesh/Documents/lean4proj/PCP/.lake/packages/LeanCopilot/.lake/build/CTranslate2/src/cpu/kernels.cc:648:26:   required from here
/home/prathamesh/Documents/lean4proj/PCP/.lake/packages/LeanCopilot/.lake/build/CTranslate2/src/cpu/vec.h:148:65: warning: unused parameter ‘count’ [-Wunused-parameter]
  148 |       static inline void convert_and_store(float v, U* a, dim_t count) {
      |                                                           ~~~~~~^~~~~
/home/prathamesh/Documents/lean4proj/PCP/.lake/packages/LeanCopilot/.lake/build/CTranslate2/src/cpu/vec.h: In instantiation of ‘static void ctranslate2::cpu::Vec<T, ISA>::convert_and_store(float, U*, ctranslate2::dim_t) [with U = signed char; T = float; ctranslate2::cpu::CpuIsa ISA = ctranslate2::cpu::CpuIsa::GENERIC; ctranslate2::dim_t = long int]’:
/home/prathamesh/Documents/lean4proj/PCP/.lake/packages/LeanCopilot/.lake/build/CTranslate2/src/cpu/kernels.cc:609:37:   required from ‘float ctranslate2::cpu::quantize_s8_row(const float*, int8_t*, ctranslate2::dim_t, bool, const RoundFunc&) [with RoundFunc = float(float); int8_t = signed char; ctranslate2::dim_t = long int]’
/home/prathamesh/Documents/lean4proj/PCP/.lake/packages/LeanCopilot/.lake/build/CTranslate2/src/cpu/kernels.cc:634:38:   required from ‘void ctranslate2::cpu::quantize_s8_batch(const float*, int8_t*, float*, ctranslate2::dim_t, ctranslate2::dim_t, bool, const RoundFunc&) [with RoundFunc = float(float); int8_t = signed char; ctranslate2::dim_t = long int]’
/home/prathamesh/Documents/lean4proj/PCP/.lake/packages/LeanCopilot/.lake/build/CTranslate2/src/cpu/kernels.cc:648:26:   required from here
/home/prathamesh/Documents/lean4proj/PCP/.lake/packages/LeanCopilot/.lake/build/CTranslate2/src/cpu/vec.h:148:65: warning: unused parameter ‘count’ [-Wunused-parameter]
/home/prathamesh/Documents/lean4proj/PCP/.lake/packages/LeanCopilot/.lake/build/CTranslate2/src/layers/attention.cc: In member function ‘void ctranslate2::layers::MultiHeadAttention::process_cross_attention(const ctranslate2::StorageView&, const ctranslate2::StorageView&, ctranslate2::StorageView&, ctranslate2::StorageView&, ctranslate2::StorageView&, ctranslate2::StorageView&, ctranslate2::StorageView*, ctranslate2::StorageView*, const ctranslate2::Padder*, const ctranslate2::Padder*, ctranslate2::dim_t&) const’:
/home/prathamesh/Documents/lean4proj/PCP/.lake/packages/LeanCopilot/.lake/build/CTranslate2/src/layers/attention.cc:356:28: warning: unused parameter ‘queries’ [-Wunused-parameter]
  356 |         const StorageView& queries,
      |         ~~~~~~~~~~~~~~~~~~~^~~~~~~
/home/prathamesh/Documents/lean4proj/PCP/.lake/packages/LeanCopilot/.lake/build/CTranslate2/src/models/model.cc: In function ‘ctranslate2::models::VARIABLE_TYPE ctranslate2::models::classify_variable(const string&)’:
/home/prathamesh/Documents/lean4proj/PCP/.lake/packages/LeanCopilot/.lake/build/CTranslate2/src/models/model.cc:489:13: warning: this statement may fall through [-Wimplicit-fallthrough=]
  489 |             if (parameterName == "weight")
      |             ^~
/home/prathamesh/Documents/lean4proj/PCP/.lake/packages/LeanCopilot/.lake/build/CTranslate2/src/models/model.cc:491:11: note: here
  491 |           default:
      |           ^~~~~~~
/home/prathamesh/Documents/lean4proj/PCP/.lake/packages/LeanCopilot/.lake/build/CTranslate2/src/models/model.cc:513:13: warning: this statement may fall through [-Wimplicit-fallthrough=]
  513 |             if (parameterName == "weight")
      |             ^~
/home/prathamesh/Documents/lean4proj/PCP/.lake/packages/LeanCopilot/.lake/build/CTranslate2/src/models/model.cc:515:11: note: here
  515 |           default:
      |           ^~~~~~~
/home/prathamesh/Documents/lean4proj/PCP/.lake/packages/LeanCopilot/.lake/build/CTranslate2/src/models/model.cc:538:13: warning: this statement may fall through [-Wimplicit-fallthrough=]
  538 |             if (parameterName == "weight")
      |             ^~
/home/prathamesh/Documents/lean4proj/PCP/.lake/packages/LeanCopilot/.lake/build/CTranslate2/src/models/model.cc:540:11: note: here
  540 |           default:
      |           ^~~~~~~
In file included from /home/prathamesh/Documents/lean4proj/PCP/.lake/packages/LeanCopilot/.lake/build/CTranslate2/src/ops/gemm.cc:1:
/home/prathamesh/Documents/lean4proj/PCP/.lake/packages/LeanCopilot/.lake/build/CTranslate2/include/ctranslate2/ops/gemm.h: In constructor ‘ctranslate2::ops::Gemm::Gemm(float, float, bool, bool, bool, bool, const ctranslate2::ops::ActivationType*)’:
/home/prathamesh/Documents/lean4proj/PCP/.lake/packages/LeanCopilot/.lake/build/CTranslate2/include/ctranslate2/ops/gemm.h:54:12: warning: ‘ctranslate2::ops::Gemm::_b_is_packed’ will be initialized after [-Wreorder]
   54 |       bool _b_is_packed;
      |            ^~~~~~~~~~~~
/home/prathamesh/Documents/lean4proj/PCP/.lake/packages/LeanCopilot/.lake/build/CTranslate2/include/ctranslate2/ops/gemm.h:46:29: warning:   ‘const ctranslate2::ops::ActivationType* ctranslate2::ops::Gemm::_activation_type’ [-Wreorder]
   46 |       const ActivationType* _activation_type;
      |                             ^~~~~~~~~~~~~~~~
/home/prathamesh/Documents/lean4proj/PCP/.lake/packages/LeanCopilot/.lake/build/CTranslate2/src/ops/gemm.cc:28:5: warning:   when initialized here [-Wreorder]
   28 |     Gemm::Gemm(float alpha,
      |     ^~~~
/home/prathamesh/Documents/lean4proj/PCP/.lake/packages/LeanCopilot/.lake/build/CTranslate2/src/models/model.cc: In static member function ‘static std::shared_ptr<const ctranslate2::models::Model> ctranslate2::models::Model::load(ctranslate2::models::ModelReader&, ctranslate2::Device, int, ctranslate2::ComputeType, bool, bool)’:
/home/prathamesh/Documents/lean4proj/PCP/.lake/packages/LeanCopilot/.lake/build/CTranslate2/src/models/model.cc:735:91: warning: ‘current_index’ may be used uninitialized in this function [-Wmaybe-uninitialized]
  735 |             if (static_cast<int>(outputs.size()) > current_index && !outputs[current_index].empty())
      |                                                                                           ^
/home/prathamesh/Documents/lean4proj/PCP/.lake/packages/LeanCopilot/.lake/build/CTranslate2/src/models/model.cc:714:92: warning: ‘world_size’ may be used uninitialized in this function [-Wmaybe-uninitialized]
  714 |                 dim_t dim_per_kqv_per_partition = SAFE_DIVIDE(variable.dim(outer_dim) / 2, world_size);
      |                                                                                            ^~~~~~~~~~
✖ [933/2181] Building Batteries.Lean.EStateM (604ms)
trace: .> LEAN_PATH=/home/prathamesh/Documents/lean4proj/PCP/.lake/packages/Cli/.lake/build/lib/lean:/home/prathamesh/Documents/lean4proj/PCP/.lake/packages/Qq/.lake/build/lib/lean:/home/prathamesh/Documents/lean4proj/PCP/.lake/packages/proofwidgets/.lake/build/lib/lean:/home/prathamesh/Documents/lean4proj/PCP/.lake/packages/importGraph/.lake/build/lib/lean:/home/prathamesh/Documents/lean4proj/PCP/.lake/packages/LeanSearchClient/.lake/build/lib/lean:/home/prathamesh/Documents/lean4proj/PCP/.lake/packages/plausible/.lake/build/lib/lean:/home/prathamesh/Documents/lean4proj/PCP/.lake/packages/mathlib/.lake/build/lib/lean:/home/prathamesh/Documents/lean4proj/PCP/.lake/packages/batteries/.lake/build/lib/lean:/home/prathamesh/Documents/lean4proj/PCP/.lake/packages/aesop/.lake/build/lib/lean:/home/prathamesh/Documents/lean4proj/PCP/.lake/packages/cslib/.lake/build/lib/lean:/home/prathamesh/Documents/lean4proj/PCP/.lake/packages/LeanCopilot/.lake/build/lib/lean:/home/prathamesh/Documents/lean4proj/PCP/.lake/build/lib/lean /home/prathamesh/.elan/toolchains/leanprover--lean4---v4.29.0-rc4/bin/lean /home/prathamesh/Documents/lean4proj/PCP/.lake/packages/batteries/Batteries/Lean/EStateM.lean -o /home/prathamesh/Documents/lean4proj/PCP/.lake/packages/batteries/.lake/build/lib/lean/Batteries/Lean/EStateM.olean -i /home/prathamesh/Documents/lean4proj/PCP/.lake/packages/batteries/.lake/build/lib/lean/Batteries/Lean/EStateM.ilean -c /home/prathamesh/Documents/lean4proj/PCP/.lake/packages/batteries/.lake/build/ir/Batteries/Lean/EStateM.c --setup /home/prathamesh/Documents/lean4proj/PCP/.lake/packages/batteries/.lake/build/ir/Batteries/Lean/EStateM.setup.json --json
error: Batteries/Lean/EStateM.lean:46:16: `EStateM.run_bind` has already been declared
error: Batteries/Lean/EStateM.lean:83:34: unsolved goals
ε σ α β : Type u_1
x : EStateM ε σ α
y : EStateM ε σ β
s : σ
⊢ (match x.run s with
    | Result.ok x s => Result.map (fun a => x) (y.run s)
    | Result.error e s => Result.error e s) =
    match x.run s with
    | Result.ok x s => Result.map (fun a => x) (y.run s)
    | Result.error e s => Result.error e s
error: Batteries/Lean/EStateM.lean:159:16: `EStateM.run_adaptExcept` has already been declared
error: Lean exited with code 1
✖ [939/2181] Building Batteries.Control.LawfulMonadState (996ms)
trace: .> LEAN_PATH=/home/prathamesh/Documents/lean4proj/PCP/.lake/packages/Cli/.lake/build/lib/lean:/home/prathamesh/Documents/lean4proj/PCP/.lake/packages/Qq/.lake/build/lib/lean:/home/prathamesh/Documents/lean4proj/PCP/.lake/packages/proofwidgets/.lake/build/lib/lean:/home/prathamesh/Documents/lean4proj/PCP/.lake/packages/importGraph/.lake/build/lib/lean:/home/prathamesh/Documents/lean4proj/PCP/.lake/packages/LeanSearchClient/.lake/build/lib/lean:/home/prathamesh/Documents/lean4proj/PCP/.lake/packages/plausible/.lake/build/lib/lean:/home/prathamesh/Documents/lean4proj/PCP/.lake/packages/mathlib/.lake/build/lib/lean:/home/prathamesh/Documents/lean4proj/PCP/.lake/packages/batteries/.lake/build/lib/lean:/home/prathamesh/Documents/lean4proj/PCP/.lake/packages/aesop/.lake/build/lib/lean:/home/prathamesh/Documents/lean4proj/PCP/.lake/packages/cslib/.lake/build/lib/lean:/home/prathamesh/Documents/lean4proj/PCP/.lake/packages/LeanCopilot/.lake/build/lib/lean:/home/prathamesh/Documents/lean4proj/PCP/.lake/build/lib/lean /home/prathamesh/.elan/toolchains/leanprover--lean4---v4.29.0-rc4/bin/lean /home/prathamesh/Documents/lean4proj/PCP/.lake/packages/batteries/Batteries/Control/LawfulMonadState.lean -o /home/prathamesh/Documents/lean4proj/PCP/.lake/packages/batteries/.lake/build/lib/lean/Batteries/Control/LawfulMonadState.olean -i /home/prathamesh/Documents/lean4proj/PCP/.lake/packages/batteries/.lake/build/lib/lean/Batteries/Control/LawfulMonadState.ilean -c /home/prathamesh/Documents/lean4proj/PCP/.lake/packages/batteries/.lake/build/ir/Batteries/Control/LawfulMonadState.c --setup /home/prathamesh/Documents/lean4proj/PCP/.lake/packages/batteries/.lake/build/ir/Batteries/Control/LawfulMonadState.setup.json --json
error: Batteries/Control/LawfulMonadState.lean:225:2: failed to synthesize instance of type class
  LawfulMonadStateOf σ (ReaderT (ST.Ref ω σ) m)

Hint: Type class instance resolution failures can be inspected with the `set_option trace.Meta.synthInstance true` command.
error: Lean exited with code 1
✖ [969/2181] Building Batteries.Data.Array.Basic (2.4s)
trace: .> LEAN_PATH=/home/prathamesh/Documents/lean4proj/PCP/.lake/packages/Cli/.lake/build/lib/lean:/home/prathamesh/Documents/lean4proj/PCP/.lake/packages/Qq/.lake/build/lib/lean:/home/prathamesh/Documents/lean4proj/PCP/.lake/packages/proofwidgets/.lake/build/lib/lean:/home/prathamesh/Documents/lean4proj/PCP/.lake/packages/importGraph/.lake/build/lib/lean:/home/prathamesh/Documents/lean4proj/PCP/.lake/packages/LeanSearchClient/.lake/build/lib/lean:/home/prathamesh/Documents/lean4proj/PCP/.lake/packages/plausible/.lake/build/lib/lean:/home/prathamesh/Documents/lean4proj/PCP/.lake/packages/mathlib/.lake/build/lib/lean:/home/prathamesh/Documents/lean4proj/PCP/.lake/packages/batteries/.lake/build/lib/lean:/home/prathamesh/Documents/lean4proj/PCP/.lake/packages/aesop/.lake/build/lib/lean:/home/prathamesh/Documents/lean4proj/PCP/.lake/packages/cslib/.lake/build/lib/lean:/home/prathamesh/Documents/lean4proj/PCP/.lake/packages/LeanCopilot/.lake/build/lib/lean:/home/prathamesh/Documents/lean4proj/PCP/.lake/build/lib/lean /home/prathamesh/.elan/toolchains/leanprover--lean4---v4.29.0-rc4/bin/lean /home/prathamesh/Documents/lean4proj/PCP/.lake/packages/batteries/Batteries/Data/Array/Basic.lean -o /home/prathamesh/Documents/lean4proj/PCP/.lake/packages/batteries/.lake/build/lib/lean/Batteries/Data/Array/Basic.olean -i /home/prathamesh/Documents/lean4proj/PCP/.lake/packages/batteries/.lake/build/lib/lean/Batteries/Data/Array/Basic.ilean -c /home/prathamesh/Documents/lean4proj/PCP/.lake/packages/batteries/.lake/build/ir/Batteries/Data/Array/Basic.c --setup /home/prathamesh/Documents/lean4proj/PCP/.lake/packages/batteries/.lake/build/ir/Batteries/Data/Array/Basic.setup.json --json
error: Batteries/Data/Array/Basic.lean:63:14: `Array.min?` has already been declared
error: Batteries/Data/Array/Basic.lean:110:14: `Array.max?` has already been declared
error: Lean exited with code 1
✖ [1559/2181] Building Batteries.Data.List.Basic (2.5s)
trace: .> LEAN_PATH=/home/prathamesh/Documents/lean4proj/PCP/.lake/packages/Cli/.lake/build/lib/lean:/home/prathamesh/Documents/lean4proj/PCP/.lake/packages/Qq/.lake/build/lib/lean:/home/prathamesh/Documents/lean4proj/PCP/.lake/packages/proofwidgets/.lake/build/lib/lean:/home/prathamesh/Documents/lean4proj/PCP/.lake/packages/importGraph/.lake/build/lib/lean:/home/prathamesh/Documents/lean4proj/PCP/.lake/packages/LeanSearchClient/.lake/build/lib/lean:/home/prathamesh/Documents/lean4proj/PCP/.lake/packages/plausible/.lake/build/lib/lean:/home/prathamesh/Documents/lean4proj/PCP/.lake/packages/mathlib/.lake/build/lib/lean:/home/prathamesh/Documents/lean4proj/PCP/.lake/packages/batteries/.lake/build/lib/lean:/home/prathamesh/Documents/lean4proj/PCP/.lake/packages/aesop/.lake/build/lib/lean:/home/prathamesh/Documents/lean4proj/PCP/.lake/packages/cslib/.lake/build/lib/lean:/home/prathamesh/Documents/lean4proj/PCP/.lake/packages/LeanCopilot/.lake/build/lib/lean:/home/prathamesh/Documents/lean4proj/PCP/.lake/build/lib/lean /home/prathamesh/.elan/toolchains/leanprover--lean4---v4.29.0-rc4/bin/lean /home/prathamesh/Documents/lean4proj/PCP/.lake/packages/batteries/Batteries/Data/List/Basic.lean -o /home/prathamesh/Documents/lean4proj/PCP/.lake/packages/batteries/.lake/build/lib/lean/Batteries/Data/List/Basic.olean -i /home/prathamesh/Documents/lean4proj/PCP/.lake/packages/batteries/.lake/build/lib/lean/Batteries/Data/List/Basic.ilean -c /home/prathamesh/Documents/lean4proj/PCP/.lake/packages/batteries/.lake/build/ir/Batteries/Data/List/Basic.c --setup /home/prathamesh/Documents/lean4proj/PCP/.lake/packages/batteries/.lake/build/ir/Batteries/Data/List/Basic.setup.json --json
error: Batteries/Data/List/Basic.lean:202:4: `List.scanlM` has already been declared
error: Batteries/Data/List/Basic.lean:210:4: `List.scanrM` has already been declared
error: Batteries/Data/List/Basic.lean:220:4: `List.scanl` has already been declared
error: Batteries/Data/List/Basic.lean:230:4: `List.scanr` has already been declared
error: Lean exited with code 1
Some required targets logged failures:
- Batteries.Tactic.Lint.Misc
- Batteries.Lean.EStateM
- Batteries.Control.LawfulMonadState
- Batteries.Data.Array.Basic
- Batteries.Data.List.Basic
error: build failed
